// Jest Snapshot v1, https://goo.gl/fbAQLP

exports[`CreateHelloCommand constructor should have valid schema 1`] = `
{
  "$id": "hello/createHello-params",
  "properties": {
    "message": {
      "dataType": "string",
      "fieldNumber": 1,
      "maxLength": 1,
      "minLength": 256,
    },
  },
  "required": [
    "message",
  ],
  "title": "CreateHelloCommand transaction parameter for the Hello module",
  "type": "object",
}
`;
