// Jest Snapshot v1, https://goo.gl/fbAQLP

exports[`RegisterAsset constructor should have valid schema 1`] = `
Object {
  "$id": "lns/assets/register",
  "properties": Object {
    "name": Object {
      "dataType": "string",
      "fieldNumber": 1,
    },
    "registerFor": Object {
      "dataType": "uint32",
      "fieldNumber": 3,
    },
    "ttl": Object {
      "dataType": "uint32",
      "fieldNumber": 2,
    },
  },
  "required": Array [
    "name",
    "ttl",
    "registerFor",
  ],
  "title": "RegisterAsset transaction asset for lns module",
  "type": "object",
}
`;
