// Jest Snapshot v1, https://goo.gl/fbAQLP

exports[`ReverseLookupAsset constructor should have valid schema 1`] = `
Object {
  "$id": "lns/assets/set-lookup",
  "properties": Object {
    "name": Object {
      "dataType": "string",
      "fieldNumber": 1,
    },
  },
  "required": Array [
    "name",
  ],
  "title": "SetLookup transaction asset for lns module",
  "type": "object",
}
`;
